Flutter crash report.
Please report a bug at https://github.com/flutter/flutter/issues.

## command

flutter run -d chrome --web-port 8080

## exception

SocketException: SocketException: Error event raised in event handler : error condition has been reset, port = 0

```
#0      _NativeSocket.multiplex (dart:io-patch/socket_patch.dart:1735:30)
#1      _RawReceivePort._handleMessage (dart:isolate-patch/isolate_patch.dart:193:12)
```

## flutter doctor

```
[✓] Flutter (Channel stable, 3.41.9, on Kali GNU/Linux Rolling 6.12.38+kali-amd64, locale
    en_US.UTF-8) [113ms]
    • Flutter version 3.41.9 on channel stable at /home/illegal/flutter
    • Upstream repository https://github.com/flutter/flutter.git
    • Framework revision 00b0c91f06 (2 weeks ago), 2026-04-29 10:03:19 -0700
    • Engine revision 42d3d75a56
    • Dart version 3.11.5
    • DevTools version 2.54.2
    • Feature flags: enable-web, enable-linux-desktop, enable-macos-desktop, enable-windows-desktop,
      enable-android, enable-ios, cli-animations, enable-native-assets, omit-legacy-version-file,
      enable-lldb-debugging, enable-uiscene-migration

[✓] Android toolchain - develop for Android devices (Android SDK version 35.0.0) [6.4s]
    • Android SDK at /home/illegal/Android/Sdk
    • Emulator version unknown
    • Platform android-36, build-tools 35.0.0
    • ANDROID_HOME = /home/illegal/Android/Sdk
    • Java binary at: /usr/lib/jvm/java-21-openjdk-amd64/bin/java
      This JDK is specified by the JAVA_HOME environment variable.
      To manually set the JDK path, use: `flutter config --jdk-dir="path/to/jdk"`.
    • Java version OpenJDK Runtime Environment (build 21.0.11-ea+9-Debian-1)
    • All Android licenses accepted.

[✓] Chrome - develop for the web [155ms]
    • CHROME_EXECUTABLE = /usr/bin/chromium

[✗] Linux toolchain - develop for Linux desktop [378ms]
    • Debian clang version 19.1.7 (3+b2)
    ✗ CMake is required for Linux development.
      It is likely available from your distribution (e.g.: apt install cmake), or can be downloaded
      from https://cmake.org/download/
    ✗ ninja is required for Linux development.
      It is likely available from your distribution (e.g.: apt install ninja-build), or can be
      downloaded from https://github.com/ninja-build/ninja/releases
    ✗ pkg-config is required for Linux development.
      It is likely available from your distribution (e.g.: apt install pkg-config), or can be
      downloaded from https://www.freedesktop.org/wiki/Software/pkg-config/

[✓] Connected device (2 available) [277ms]
    • Linux (desktop) • linux  • linux-x64      • Kali GNU/Linux Rolling 6.12.38+kali-amd64
    • Chrome (web)    • chrome • web-javascript • Chromium 147.0.7727.101 built on Debian GNU/Linux
      forky/sid

[✓] Network resources [1,397ms]
    • All expected network resources are available.

! Doctor found issues in 1 category.
```
